// Jest Snapshot v1, https://goo.gl/fbAQLP

exports[`Should render NotFoundPage 1`] = `
<DocumentFragment>
  <div>
    404! Not Found!
    <a
      href="/"
    >
      Get me out of here!
    </a>
  </div>
</DocumentFragment>
`;
